VBoxManage modifyvm ub20 --nested-hw-virt on


https://www.cyberciti.biz/faq/how-to-install-kvm-on-centos-7-rhel-7-headless-server/

[root@localhost ~]# lscpu | grep Virtualization
Virtualization:        VT-x
Virtualization type:   full

yum -y install qemu-kvm libvirt libvirt-python libguestfs-tools virt-install

systemctl enable libvirtd
systemctl start libvirtd
systemctl is-active libvirtd

[root@localhost ~]# lsmod | grep -i kvm
kvm_intel             188740  0
kvm                   637515  1 kvm_intel
irqbypass              13503  1 kvm

[root@localhost ~]# brctl show
bridge name     bridge id               STP enabled     interfaces
virbr0          8000.525400d8e57f       yes             virbr0-nic

[root@localhost ~]# virsh net-list
 Name                 State      Autostart     Persistent
----------------------------------------------------------
 default              active     yes           yes


[root@localhost ~]# virsh net-list
 Name                 State      Autostart     Persistent
----------------------------------------------------------
 default              active     yes           yes

[root@localhost ~]# virsh net-dumpxml default
<network>
  <name>default</name>
  <uuid>75356219-3f20-445c-bcb1-165371004f59</uuid>
  <forward mode='nat'>
    <nat>
      <port start='1024' end='65535'/>
    </nat>
  </forward>
  <bridge name='virbr0' stp='on' delay='0'/>
  <mac address='52:54:00:d8:e5:7f'/>
  <ip address='192.168.122.1' netmask='255.255.255.0'>
    <dhcp>
      <range start='192.168.122.2' end='192.168.122.254'/>
    </dhcp>
  </ip>
</network>


echo 'BRIDGE=br0' >>/etc/sysconfig/network-scripts/ifcfg-enp0s3

cat <<'EOF' >/etc/sysconfig/network-scripts/ifcfg-br0
DEVICE="br0"
# I am getting ip from DHCP server #
BOOTPROTO="dhcp"
IPV6INIT="yes"
IPV6_AUTOCONF="yes"
ONBOOT="yes"
TYPE="Bridge"
DELAY="0"
EOF

systemctl restart NetworkManager
[root@localhost ~]# brctl show
bridge name     bridge id               STP enabled     interfaces
br0             8000.000000000000       no
virbr0          8000.525400d8e57f       yes             virbr0-nic

virsh net-dumpxml default
[root@localhost b]# virsh net-dumpxml default
<network>
  <name>default</name>
  <uuid>75356219-3f20-445c-bcb1-165371004f59</uuid>
  <forward mode='nat'>
    <nat>
      <port start='1024' end='65535'/>
    </nat>
  </forward>
  <bridge name='virbr0' stp='on' delay='0'/>
  <mac address='52:54:00:d8:e5:7f'/>
  <ip address='192.168.122.1' netmask='255.255.255.0'>
    <dhcp>
      <range start='192.168.122.2' end='192.168.122.254'/>
    </dhcp>
  </ip>
</network>

snapshot KVM0

----
----

# ----------------------------------------------------------------------------------------------------
# Create a new overlay image on top a backing file
# ----------------------------------------------------------------------------------------------------
# https://dustymabe.com/2015/01/11/qemu-img-backing-files-a-poor-mans-snapshotrollback/
# https://libvirt.org/kbase/backing_chains.html
# https://techpiezo.com/linux/use-and-implementation-of-backing-file-and-snapshot-in-qemu-kvm/
# ----------------------------------------------------------------------------------------------------
ssh root@irp201-v36
cd /dogfoods/glacier/vmvip4/irp598-c01-lp/omandal

[root@irp201-v36 omandal]# realpath ../.lp-golden-latest.img
/dogfoods/glacier/vmvip4/irp598-c01-lp/.lp-golden-latest.img

[root@irp201-v36 omandal]# qemu-img info /dogfoods/glacier/vmvip4/irp598-c01-lp/.lp-golden-latest.img
image: /dogfoods/glacier/vmvip4/irp598-c01-lp/.lp-golden-latest.img
file format: qcow2
virtual size: 100G (107374182400 bytes)
disk size: 3.4G
cluster_size: 65536
Format specific information:
    compat: 1.1
    lazy refcounts: false

qemu-img create -f qcow2 -b /dogfoods/glacier/vmvip4/irp598-c01-lp/.lp-golden-latest.img mydisk.qcow2
Formatting 'mydisk.qcow2', fmt=qcow2 size=107374182400 backing_file='/dogfoods/glacier/vmvip4/irp598-c01-lp/.lp-golden-latest.img' encryption=off cluster_size=65536 lazy_refcounts=off

qemu-img info mydisk.qcow2
[root@irp201-v36 omandal]# qemu-img info mydisk.qcow2
image: mydisk.qcow2
file format: qcow2
virtual size: 100G (107374182400 bytes)
disk size: 194K
cluster_size: 65536
backing file: /dogfoods/glacier/vmvip4/irp598-c01-lp/.lp-golden-latest.img
Format specific information:
    compat: 1.1
    lazy refcounts: false



cd /b
qemu-img create -f qcow2 -b /b/.lp-golden-latest.qcow2 ./mydisk.qcow2
# Make sure the backend disk at least uses absolute path
ls -la
    # -r--r--r--  1 root root 3667396608 Mar 13 06:10 .lp-golden-latest.qcow2
    # -rw-r--r--  1 root root     198208 Mar 13 06:18 mydisk.qcow2
cd
[root@localhost b]# qemu-img info /b/mydisk.qcow2
image: /b/mydisk.qcow2
file format: qcow2
virtual size: 100G (107374182400 bytes)
disk size: 196K
cluster_size: 65536
backing file: /b/.lp-golden-latest.qcow2
Format specific information:
    compat: 1.1
    lazy refcounts: false

# ----------------------------------------------------------------------------------------------------
# Create a VM using this image
# ----------------------------------------------------------------------------------------------------
# https://access.redhat.com/solutions/641193
# ----------------------------------------------------------------------------------------------------

cat <<'EOF'|openssl enc -d -base64|gunzip - >irp598-c01-lp.xml
H4sIAHOrLWIAA61Xy3KrOBDd5yvYaTGFwfidAhZ3OzWr+YBbQpKNygIRSTj2309L
CAOJuZVk7IULtU53n36oESmVFeZ1YG4Ny9D5UqGA0wytttv1Zo/ylyBIa1yxnKtm
c9iHJF6GokkjJ7Obbctpvmf4sFsnmzAp1ttwXaz2Id5REibHQ7FiW7Y6sGMaOajV
qVgl1S1oa24y9Df/hfL9ar/fxvs06rYcirRKsdr8Mw+eIJzOhTRt0AhMWAUbGdIG
G05QnqSR3XIYxbRsFXH0YdlgZbjhss6jCpOS1yyNBplViMYaqdRe0WYswIqUGbru
t7+3axR4AxlqSMjX6/h4DVXJxG4RL2KUl5cqjayWN1BIaQLKLhkqKYo6V5319Miw
acGtR2LS8Kh/bjjx4DEqtZFXkoJz0mojK8vGWHLsiolBASkZOWfo2AqBvCkLF8ER
C1FgtydVwSnKfymJ6TsTAuphIR7u3QWNFJzcMqTYW8sVQ4FtBggCIlMXrqVC0dc0
rhpfmGxMH3xfISIkOQfyeNQMatga0hM2vGLKKysQB1Dcc2+c2HDb5u58DG64mYIh
Knx7CC0bBtgG0uo6qJZ3dpZV1wL170a+MwUMc8q0UfIGlRsJPUgxW+IcTBloKAfx
Ig8gCutyYqKT2O2m8uR0qxtW09DIEE5HwGpcCEYHZlMI5fr8GQMt7cyl0G6c3PuK
Va3ARqo8arWKBC/YlZHoDcTh2Tbrfb+DO9vdoDhyAWXsrEE2YcPXyMIUv9zTaY0h
r/RG5HvSk7a03akKrK0MRRQbHF24Mi0WoT9JOprMnelqwavTyJrtYV6f/gW+bMKS
15RdM7S8M7SdKRUcDw9T+H2w8yNeC9GEJykoq0NIGNRzyu0Du4FzNBbfpdAtJ+ZH
w4ViFBSthiegwOUoYCw41j7N3aarfjyGUArdp32cDeFQMzfvMxRfY/h523aBAi2k
cc87FBzbmtgJ6Nb3RousA/9MZA1tKwSUujPf6uKebLDmRkeGOCkPISsJH/I/YW61
/jfhzZTwbiA8sPwB7fartCusDRh057yRypJ6elCWWysMH2SyfmKcyc/iTJ4e5/KJ
Qa1+FtT66UEl3wnKOfkUFEhDBS+PxyHB7iL+jhM/MTRTHIuRuz+Nlw78hNbezg6Y
T8R5DcU5wo3O+ygUpyeGRtUjgWeRoU3yulm/xpvXw/41Xr4m8ee3Tadv7cTL0e5k
5tbMLMc90F2UxnmbGcOg+ITsrGazc0/GUFUtRZ+axtzgVWtu9qXFLlFjdJTs0McE
NNiUU8SnLEwiDR4MtFHInsK0hFbSUyxxXd+zp+H2yi4VQX922ZuuForREpuF01vY
JMGNvrtxgJuaEcPoHLHO8Xw9PpyAofPcqesK00c/Hkqd3Xt7Nm3P3thbl/GqdsY8
5OU05lm5iTbr3Ck/cF3JVjOv1+iZWe4UvmDszG6FxIp+yV7y2N5J4abkRI/r3sez
OcR7FODWyG59YxoFgsMUhn5fJu5zaTF673Zb3pLPFhoO/aAx5JRX+MSgpJW9yOvu
bXk8DlR7ev0FWrY1Hb09to8DdrAnHPD17AF3HvziwimTD2fQ2xX6VeEqQ9vNZgXD
9DJZnIAsLJfb1R48lQxTmyX7UQNpUbcu4XP3SPD5hAiT2QhHUcGnOOUKBtFwYmbH
xJikU/vWCRo1ae/zCRSW36GwmqUAxSrgG1zKuu9APwYfevbQJ9RoP1ujgVH38Tj6
akw1IwIX91akN6DFyf2WQjE8K+YgXaN5o06S/7WMd6/2L406wctwXD8hRlJHo3ed
vwAlF2D+8vIfyS9CjcESAAA=
EOF
# Change root password to welcome
cd /b
time virt-customize -a mydisk.qcow2 --root-password password:welcome
[root@localhost b]# time virt-customize -a mydisk.qcow2 --root-password password:welcome
[   0.0] Examining the guest ...
[  43.2] Setting a random seed
[  43.5] Setting passwords
[  49.5] Finishing off

real    0m50.428s
user    0m7.085s
sys     0m1.219s

time  virt-install \
  --import \
  --name c7 \
  --memory 2048 \
  --vcpus 2 \
  --disk /b/mydisk.qcow2 \
  --os-variant rhel7.0 \
  --graphics vnc \
  --noautoconsole \
  --network network=default

did not help
modprobe -r kvm_intel; modprobe kvm_intel emulate_invalid_guest_state=0

# virt-install \
--import \
--virt-type=kvm \
--name=c7 \
--ram=2048 \
--vcpus=2 \
--os-variant=centos7.0 \
--network=bridge=br0,model=virtio \
--graphics=vnc \
--disk path=mydisk.qcow2,bus=virtio,format=qcow2



virt-install \
--name RuckusNetworkDirector2.0 \
--vcpus 2 \
--ram 4096 \
--controller type=ide \
--disk=/home/sqa/RND2.0/RuckusNetworkDirector2.0.qcow2,bus=ide,size=40 \
--import \
--disk size=40,bus=ide \
--graphics vnc \
--noautoconsole \
--network bridge=br0 \


https://linuxconfig.org/how-to-create-and-manage-kvm-virtual-machines-from-cli
https://www.cyberciti.biz/faq/how-to-install-kvm-on-centos-7-rhel-7-headless-server/


Fresh machine out of cdrom
    virt-install --name=c7 \
    --vcpus=1 \
    --memory=1024 \
    --cdrom=/b/ir/CentOS-7-x86_64-Minimal-2009.iso \
    --disk path=/b/ir/c7.qcow2,size=40,bus=virtio,format=qcow2 \
    --os-variant=centos7.0 \
    --graphics vnc \


        # to find os variant
        apt install libosinfo-bin
        osinfo-query os

    virsh dumpxml c7 | grep vnc




